[I 2025-09-23 04:10:14.974 ServerApp] jupyter_lsp | extension was successfully linked.
[I 2025-09-23 04:10:14.977 ServerApp] jupyter_server_terminals | extension was successfully linked.
[I 2025-09-23 04:10:14.981 ServerApp] jupyterlab | extension was successfully linked.
[I 2025-09-23 04:10:14.985 ServerApp] notebook | extension was successfully linked.
[I 2025-09-23 04:10:15.189 ServerApp] notebook_shim | extension was successfully linked.
[I 2025-09-23 04:10:15.203 ServerApp] notebook_shim | extension was successfully loaded.
[I 2025-09-23 04:10:15.204 ServerApp] jupyter_lsp | extension was successfully loaded.
[I 2025-09-23 04:10:15.205 ServerApp] jupyter_server_terminals | extension was successfully loaded.
[I 2025-09-23 04:10:15.207 LabApp] JupyterLab extension loaded from /home/mamaral/code/persona-phase-transition/venv/lib/python3.10/site-packages/jupyterlab
[I 2025-09-23 04:10:15.207 LabApp] JupyterLab application directory is /home/mamaral/code/persona-phase-transition/venv/share/jupyter/lab
[I 2025-09-23 04:10:15.207 LabApp] Extension Manager is 'pypi'.
[I 2025-09-23 04:10:15.260 ServerApp] jupyterlab | extension was successfully loaded.
[I 2025-09-23 04:10:15.263 ServerApp] notebook | extension was successfully loaded.
[I 2025-09-23 04:10:15.263 ServerApp] Serving notebooks from local directory: /home/mamaral/code/persona-phase-transition
[I 2025-09-23 04:10:15.263 ServerApp] Jupyter Server 2.17.0 is running at:
[I 2025-09-23 04:10:15.263 ServerApp] http://ai-node:8888/tree?token=81c478a96624c71e14b56fe3dd71348975567749b31049e5
[I 2025-09-23 04:10:15.263 ServerApp]     http://127.0.0.1:8888/tree?token=81c478a96624c71e14b56fe3dd71348975567749b31049e5
[I 2025-09-23 04:10:15.263 ServerApp] Use Control-C to stop this server and shut down all kernels (twice to skip confirmation).
[C 2025-09-23 04:10:15.265 ServerApp] 
    
    To access the server, open this file in a browser:
        file:///home/mamaral/.local/share/jupyter/runtime/jpserver-2585-open.html
    Or copy and paste one of these URLs:
        http://ai-node:8888/tree?token=81c478a96624c71e14b56fe3dd71348975567749b31049e5
        http://127.0.0.1:8888/tree?token=81c478a96624c71e14b56fe3dd71348975567749b31049e5
[I 2025-09-23 04:10:15.278 ServerApp] Skipped non-installed server(s): basedpyright, bash-language-server, dockerfile-language-server-nodejs, javascript-typescript-langserver, jedi-language-server, julia-language-server, pyrefly, pyright, python-language-server, python-lsp-server, r-languageserver, sql-language-server, texlab, typescript-language-server, unified-language-server, vscode-css-languageserver-bin, vscode-html-languageserver-bin, vscode-json-languageserver-bin, yaml-language-server
[W 2025-09-23 06:16:33.569 ServerApp] 400 GET /api/contents/notebooks/01_define_persona_vector.ipynb?type=notebook&content=1&hash=1&contentProviderId=undefined&1758608193448 (192.168.1.78): Unreadable Notebook: /home/mamaral/code/persona-phase-transition/notebooks/01_define_persona_vector.ipynb NotJSONError("Notebook does not appear to be JSON: ''")
[W 2025-09-23 06:16:33.570 ServerApp] wrote error: 'Unreadable Notebook: /home/mamaral/code/persona-phase-transition/notebooks/01_define_persona_vector.ipynb NotJSONError("Notebook does not appear to be JSON: \'\'")'
    Traceback (most recent call last):
      File "/home/mamaral/code/persona-phase-transition/venv/lib/python3.10/site-packages/tornado/web.py", line 1848, in _execute
        result = await result
      File "/home/mamaral/code/persona-phase-transition/venv/lib/python3.10/site-packages/jupyter_server/auth/decorator.py", line 73, in inner
        return await out
      File "/home/mamaral/code/persona-phase-transition/venv/lib/python3.10/site-packages/jupyter_server/services/contents/handlers.py", line 156, in get
        model = await ensure_async(
      File "/home/mamaral/code/persona-phase-transition/venv/lib/python3.10/site-packages/jupyter_core/utils/__init__.py", line 197, in ensure_async
        result = await obj
      File "/home/mamaral/code/persona-phase-transition/venv/lib/python3.10/site-packages/jupyter_server/services/contents/filemanager.py", line 924, in get
        model = await self._notebook_model(path, content=content, require_hash=require_hash)
      File "/home/mamaral/code/persona-phase-transition/venv/lib/python3.10/site-packages/jupyter_server/services/contents/filemanager.py", line 870, in _notebook_model
        nb, bytes_content = await self._read_notebook(
      File "/home/mamaral/code/persona-phase-transition/venv/lib/python3.10/site-packages/jupyter_server/services/contents/fileio.py", line 497, in _read_notebook
        raise HTTPError(
    tornado.web.HTTPError: HTTP 400: Bad Request (Unreadable Notebook: /home/mamaral/code/persona-phase-transition/notebooks/01_define_persona_vector.ipynb NotJSONError("Notebook does not appear to be JSON: ''"))
[W 2025-09-23 06:16:33.572 ServerApp] 400 GET /api/contents/notebooks/01_define_persona_vector.ipynb?type=notebook&content=1&hash=1&contentProviderId=undefined&1758608193448 (000e628be79241d2901bab533dc73fc7@192.168.1.78) 12.32ms referer=http://ai-node:8888/tree/notebooks
[W 2025-09-23 06:16:34.564 ServerApp] 400 GET /api/contents/notebooks/01_define_persona_vector.ipynb?type=notebook&content=1&hash=1&contentProviderId=undefined&1758608194556 (192.168.1.78): Unreadable Notebook: /home/mamaral/code/persona-phase-transition/notebooks/01_define_persona_vector.ipynb NotJSONError("Notebook does not appear to be JSON: ''")
[W 2025-09-23 06:16:34.564 ServerApp] wrote error: 'Unreadable Notebook: /home/mamaral/code/persona-phase-transition/notebooks/01_define_persona_vector.ipynb NotJSONError("Notebook does not appear to be JSON: \'\'")'
    Traceback (most recent call last):
      File "/home/mamaral/code/persona-phase-transition/venv/lib/python3.10/site-packages/tornado/web.py", line 1848, in _execute
        result = await result
      File "/home/mamaral/code/persona-phase-transition/venv/lib/python3.10/site-packages/jupyter_server/auth/decorator.py", line 73, in inner
        return await out
      File "/home/mamaral/code/persona-phase-transition/venv/lib/python3.10/site-packages/jupyter_server/services/contents/handlers.py", line 156, in get
        model = await ensure_async(
      File "/home/mamaral/code/persona-phase-transition/venv/lib/python3.10/site-packages/jupyter_core/utils/__init__.py", line 197, in ensure_async
        result = await obj
      File "/home/mamaral/code/persona-phase-transition/venv/lib/python3.10/site-packages/jupyter_server/services/contents/filemanager.py", line 924, in get
        model = await self._notebook_model(path, content=content, require_hash=require_hash)
      File "/home/mamaral/code/persona-phase-transition/venv/lib/python3.10/site-packages/jupyter_server/services/contents/filemanager.py", line 870, in _notebook_model
        nb, bytes_content = await self._read_notebook(
      File "/home/mamaral/code/persona-phase-transition/venv/lib/python3.10/site-packages/jupyter_server/services/contents/fileio.py", line 497, in _read_notebook
        raise HTTPError(
    tornado.web.HTTPError: HTTP 400: Bad Request (Unreadable Notebook: /home/mamaral/code/persona-phase-transition/notebooks/01_define_persona_vector.ipynb NotJSONError("Notebook does not appear to be JSON: ''"))
[W 2025-09-23 06:16:34.565 ServerApp] 400 GET /api/contents/notebooks/01_define_persona_vector.ipynb?type=notebook&content=1&hash=1&contentProviderId=undefined&1758608194556 (000e628be79241d2901bab533dc73fc7@192.168.1.78) 3.54ms referer=http://ai-node:8888/notebooks/notebooks/01_define_persona_vector.ipynb
[I 2025-09-23 06:16:55.466 ServerApp] Creating new notebook in 
[I 2025-09-23 06:16:55.522 ServerApp] Writing notebook-signing key to /home/mamaral/.local/share/jupyter/notebook_secret
[I 2025-09-23 06:16:59.095 ServerApp] Kernel started: d81c5a00-aa2d-4416-884b-71398df63750
[I 2025-09-23 06:16:59.490 ServerApp] Connecting to kernel d81c5a00-aa2d-4416-884b-71398df63750.
[W 2025-09-23 06:16:59.492 ServerApp] The websocket_ping_timeout (90000) cannot be longer than the websocket_ping_interval (30000).
    Setting websocket_ping_timeout=30000
[I 2025-09-23 06:16:59.498 ServerApp] Connecting to kernel d81c5a00-aa2d-4416-884b-71398df63750.
[I 2025-09-23 06:16:59.505 ServerApp] Connecting to kernel d81c5a00-aa2d-4416-884b-71398df63750.
[W 2025-09-23 06:16:59.578 ServerApp] Got events for closed stream <zmq.eventloop.zmqstream.ZMQStream object at 0x7f3408f88730>
[I 2025-09-23 06:17:04.368 ServerApp] Connecting to kernel d81c5a00-aa2d-4416-884b-71398df63750.
[I 2025-09-23 06:19:01.795 ServerApp] Saving file at /01_define_persona_vector.ipynb
[I 2025-09-23 06:19:10.084 ServerApp] Creating new notebook in 
[I 2025-09-23 06:19:10.953 ServerApp] Connecting to kernel d81c5a00-aa2d-4416-884b-71398df63750.
[I 2025-09-23 06:19:13.183 ServerApp] Connecting to kernel d81c5a00-aa2d-4416-884b-71398df63750.
[I 2025-09-23 06:19:22.628 ServerApp] Kernel started: 4a70f21d-bc39-4189-9be2-1804f5b0d5aa
[I 2025-09-23 06:19:23.003 ServerApp] Connecting to kernel 4a70f21d-bc39-4189-9be2-1804f5b0d5aa.
[I 2025-09-23 06:19:28.264 ServerApp] Starting buffering for d81c5a00-aa2d-4416-884b-71398df63750:9bb8c925-6903-42a7-ad80-724554007ebb
[I 2025-09-23 06:20:31.843 ServerApp] Saving file at /02_plot_phase_transition.ipynb
[I 2025-09-23 06:20:37.671 ServerApp] Starting buffering for 4a70f21d-bc39-4189-9be2-1804f5b0d5aa:79726bf6-b0ca-43cf-aa69-6cc41319c6c5
[I 2025-09-23 06:21:03.357 ServerApp] Connecting to kernel d81c5a00-aa2d-4416-884b-71398df63750.
[I 2025-09-23 06:21:03.376 ServerApp] Connecting to kernel 4a70f21d-bc39-4189-9be2-1804f5b0d5aa.
[I 2025-09-23 06:21:03.673 ServerApp] Starting buffering for d81c5a00-aa2d-4416-884b-71398df63750:58d14cfc-fbef-49ed-ba5a-11dfe9ca22ff
[I 2025-09-23 06:21:03.674 ServerApp] Starting buffering for 4a70f21d-bc39-4189-9be2-1804f5b0d5aa:2b85e109-0884-416d-a85a-ee9f6997cc70
[I 2025-09-23 06:21:03.848 ServerApp] Kernel started: 6dcece0b-7867-45aa-bf79-ddf4a5f778eb
[I 2025-09-23 06:21:04.200 ServerApp] Connecting to kernel 6dcece0b-7867-45aa-bf79-ddf4a5f778eb.
[I 2025-09-23 06:21:05.227 ServerApp] Starting buffering for 6dcece0b-7867-45aa-bf79-ddf4a5f778eb:4969f554-081b-44d3-99f1-090fcfdcc682
[I 2025-09-23 06:21:06.738 ServerApp] Connecting to kernel d81c5a00-aa2d-4416-884b-71398df63750.
[I 2025-09-23 06:21:06.757 ServerApp] Connecting to kernel 4a70f21d-bc39-4189-9be2-1804f5b0d5aa.
[I 2025-09-23 06:21:06.775 ServerApp] Connecting to kernel 6dcece0b-7867-45aa-bf79-ddf4a5f778eb.
[I 2025-09-23 06:21:07.109 ServerApp] Starting buffering for d81c5a00-aa2d-4416-884b-71398df63750:d648b293-e9dd-4f86-ae8b-8c1095786447
[I 2025-09-23 06:21:07.110 ServerApp] Starting buffering for 6dcece0b-7867-45aa-bf79-ddf4a5f778eb:8cfd30bd-f1ba-4b74-af33-8c6714d092d2
[I 2025-09-23 06:21:07.110 ServerApp] Starting buffering for 4a70f21d-bc39-4189-9be2-1804f5b0d5aa:637e8f3b-1f21-4f44-ac6a-3de64caa3780
[I 2025-09-23 06:21:07.234 ServerApp] Kernel started: 00325d07-ce85-4f56-a6ec-83b337bcce90
[I 2025-09-23 06:21:07.582 ServerApp] Connecting to kernel 00325d07-ce85-4f56-a6ec-83b337bcce90.
[I 2025-09-23 06:21:07.753 ServerApp] Starting buffering for 00325d07-ce85-4f56-a6ec-83b337bcce90:2bd64505-dc6b-4721-89e8-cb3e969132d8
[I 2025-09-23 18:00:28.676 ServerApp] Connecting to kernel d81c5a00-aa2d-4416-884b-71398df63750.
[I 2025-09-23 18:00:28.695 ServerApp] Connecting to kernel 4a70f21d-bc39-4189-9be2-1804f5b0d5aa.
[I 2025-09-23 18:00:28.714 ServerApp] Connecting to kernel 6dcece0b-7867-45aa-bf79-ddf4a5f778eb.
[I 2025-09-23 18:00:28.725 ServerApp] Connecting to kernel 00325d07-ce85-4f56-a6ec-83b337bcce90.
[I 2025-09-23 18:00:28.986 ServerApp] Starting buffering for d81c5a00-aa2d-4416-884b-71398df63750:92adf14e-7f73-48ef-8891-679e5c114a00
[I 2025-09-23 18:00:29.052 ServerApp] Starting buffering for 4a70f21d-bc39-4189-9be2-1804f5b0d5aa:3c462f4f-8ce0-42aa-9d0b-50db2069d60d
[I 2025-09-23 18:00:29.053 ServerApp] Starting buffering for 6dcece0b-7867-45aa-bf79-ddf4a5f778eb:e3e19dc6-f6ee-4584-9a49-40ed639f0032
[I 2025-09-23 18:00:29.053 ServerApp] Starting buffering for 00325d07-ce85-4f56-a6ec-83b337bcce90:a427ce09-20d5-48a2-895c-3ad26bf2f474
[I 2025-09-23 18:00:29.128 ServerApp] Connecting to kernel 6dcece0b-7867-45aa-bf79-ddf4a5f778eb.
[I 2025-09-23 18:14:25.829 ServerApp] Saving file at /notebooks/01_define_persona_vector.ipynb
[I 2025-09-24 05:14:41.225 ServerApp] Starting buffering for 6dcece0b-7867-45aa-bf79-ddf4a5f778eb:24af6342-af0a-4ae4-93f7-73e49abb55c6
[I 2025-09-24 05:15:44.637 ServerApp] Connecting to kernel 00325d07-ce85-4f56-a6ec-83b337bcce90.
[I 2025-09-24 05:15:44.910 ServerApp] Connecting to kernel 00325d07-ce85-4f56-a6ec-83b337bcce90.
[I 2025-09-24 05:15:45.002 ServerApp] Connecting to kernel 6dcece0b-7867-45aa-bf79-ddf4a5f778eb.
[I 2025-09-24 05:15:45.467 ServerApp] Starting buffering for 00325d07-ce85-4f56-a6ec-83b337bcce90:8d26fb47-37c1-4223-92a3-79b5d057d7b4
[I 2025-09-25 15:57:10.790 ServerApp] Saving file at /notebooks/01_define_persona_vector.ipynb
[I 2025-09-25 18:09:24.409 ServerApp] Saving file at /notebooks/01_define_persona_vector.ipynb
[I 2025-09-25 18:13:24.501 ServerApp] Saving file at /notebooks/01_define_persona_vector.ipynb
[I 2025-09-25 18:15:25.318 ServerApp] Saving file at /notebooks/01_define_persona_vector.ipynb
[I 2025-09-25 18:17:26.305 ServerApp] Saving file at /notebooks/01_define_persona_vector.ipynb
[I 2025-09-25 18:45:27.750 ServerApp] Saving file at /notebooks/01_define_persona_vector.ipynb
[I 2025-09-25 18:51:29.565 ServerApp] Saving file at /notebooks/01_define_persona_vector.ipynb
[I 2025-09-25 18:52:49.879 ServerApp] Saving file at /notebooks/01_define_persona_vector.ipynb
[I 2025-09-25 18:54:49.934 ServerApp] Saving file at /notebooks/01_define_persona_vector.ipynb
[I 2025-09-25 18:56:49.994 ServerApp] Saving file at /notebooks/01_define_persona_vector.ipynb
[I 2025-09-25 18:58:50.050 ServerApp] Saving file at /notebooks/01_define_persona_vector.ipynb
[I 2025-09-25 19:01:05.244 ServerApp] Kernel restarted: 6dcece0b-7867-45aa-bf79-ddf4a5f778eb
[I 2025-09-25 19:01:05.247 ServerApp] Starting buffering for 6dcece0b-7867-45aa-bf79-ddf4a5f778eb:64ca5eb5-dc48-4ace-93c1-1806be1965e2
[I 2025-09-25 19:01:05.251 ServerApp] Connecting to kernel 6dcece0b-7867-45aa-bf79-ddf4a5f778eb.
[I 2025-09-25 19:01:05.251 ServerApp] Restoring connection for 6dcece0b-7867-45aa-bf79-ddf4a5f778eb:64ca5eb5-dc48-4ace-93c1-1806be1965e2
[I 2025-09-25 19:02:51.543 ServerApp] Saving file at /notebooks/01_define_persona_vector.ipynb
[I 2025-09-25 19:04:51.181 ServerApp] Saving file at /notebooks/01_define_persona_vector.ipynb
[I 2025-09-25 19:06:07.991 ServerApp] Saving file at /notebooks/01_define_persona_vector.ipynb
[I 2025-09-25 19:08:08.767 ServerApp] Saving file at /notebooks/01_define_persona_vector.ipynb
[I 2025-09-25 19:10:41.866 ServerApp] Saving file at /notebooks/01_define_persona_vector.ipynb
[I 2025-09-25 19:16:42.801 ServerApp] Saving file at /notebooks/01_define_persona_vector.ipynb
[I 2025-09-25 19:20:42.853 ServerApp] Saving file at /notebooks/01_define_persona_vector.ipynb
[I 2025-09-25 19:21:47.913 ServerApp] Saving file at /notebooks/01_define_persona_vector.ipynb
[I 2025-09-25 19:23:48.887 ServerApp] Saving file at /notebooks/01_define_persona_vector.ipynb
[I 2025-09-25 19:31:10.930 ServerApp] Saving file at /notebooks/01_define_persona_vector.ipynb
[I 2025-09-25 21:18:12.084 ServerApp] Connecting to kernel d81c5a00-aa2d-4416-884b-71398df63750.
[I 2025-09-25 21:18:12.111 ServerApp] Connecting to kernel 4a70f21d-bc39-4189-9be2-1804f5b0d5aa.
[I 2025-09-25 21:18:12.126 ServerApp] Connecting to kernel 6dcece0b-7867-45aa-bf79-ddf4a5f778eb.
[I 2025-09-25 21:18:12.135 ServerApp] Connecting to kernel 00325d07-ce85-4f56-a6ec-83b337bcce90.
[I 2025-09-25 21:18:12.404 ServerApp] Starting buffering for 00325d07-ce85-4f56-a6ec-83b337bcce90:d0b3e320-527b-4d63-aa0d-c3bffef6f934
[I 2025-09-25 21:18:12.472 ServerApp] Starting buffering for d81c5a00-aa2d-4416-884b-71398df63750:212b6d20-2972-47de-8944-375df92bb177
[I 2025-09-25 21:18:12.473 ServerApp] Starting buffering for 4a70f21d-bc39-4189-9be2-1804f5b0d5aa:3b0b9ab4-c8d3-4f46-91e6-1584d393b5a6
[I 2025-09-25 21:18:12.580 ServerApp] Connecting to kernel 00325d07-ce85-4f56-a6ec-83b337bcce90.
[I 2025-09-25 21:19:04.826 ServerApp] Kernel restarted: 00325d07-ce85-4f56-a6ec-83b337bcce90
[I 2025-09-25 21:19:04.830 ServerApp] Starting buffering for 00325d07-ce85-4f56-a6ec-83b337bcce90:1e642b94-db65-4114-bc43-f4e52b08382f
[I 2025-09-25 21:19:04.834 ServerApp] Connecting to kernel 00325d07-ce85-4f56-a6ec-83b337bcce90.
[I 2025-09-25 21:19:04.834 ServerApp] Restoring connection for 00325d07-ce85-4f56-a6ec-83b337bcce90:1e642b94-db65-4114-bc43-f4e52b08382f
[I 2025-09-25 21:19:30.470 ServerApp] Kernel restarted: 00325d07-ce85-4f56-a6ec-83b337bcce90
[I 2025-09-25 21:19:30.474 ServerApp] Starting buffering for 00325d07-ce85-4f56-a6ec-83b337bcce90:1e642b94-db65-4114-bc43-f4e52b08382f
[I 2025-09-25 21:19:30.482 ServerApp] Connecting to kernel 00325d07-ce85-4f56-a6ec-83b337bcce90.
[I 2025-09-25 21:19:30.482 ServerApp] Restoring connection for 00325d07-ce85-4f56-a6ec-83b337bcce90:1e642b94-db65-4114-bc43-f4e52b08382f
[I 2025-09-25 21:20:12.442 ServerApp] Saving file at /notebooks/02_plot_phase_transition.ipynb
[I 2025-09-26 02:14:59.723 ServerApp] Saving file at /notebooks/02_plot_phase_transition.ipynb
[I 2025-09-26 02:17:00.303 ServerApp] Saving file at /notebooks/02_plot_phase_transition.ipynb
[I 2025-09-26 03:13:11.932 ServerApp] Saving file at /notebooks/02_plot_phase_transition.ipynb
[I 2025-09-26 03:15:11.984 ServerApp] Saving file at /notebooks/02_plot_phase_transition.ipynb
[I 2025-09-26 20:51:44.274 ServerApp] Saving file at /notebooks/02_plot_phase_transition.ipynb
[I 2025-09-26 20:52:14.941 ServerApp] Kernel restarted: 00325d07-ce85-4f56-a6ec-83b337bcce90
[I 2025-09-26 20:52:14.946 ServerApp] Starting buffering for 00325d07-ce85-4f56-a6ec-83b337bcce90:1e642b94-db65-4114-bc43-f4e52b08382f
[I 2025-09-26 20:52:14.953 ServerApp] Connecting to kernel 00325d07-ce85-4f56-a6ec-83b337bcce90.
[I 2025-09-26 20:52:14.953 ServerApp] Restoring connection for 00325d07-ce85-4f56-a6ec-83b337bcce90:1e642b94-db65-4114-bc43-f4e52b08382f
[I 2025-09-26 20:53:07.023 ServerApp] Starting buffering for 00325d07-ce85-4f56-a6ec-83b337bcce90:1e642b94-db65-4114-bc43-f4e52b08382f
[I 2025-09-26 20:53:07.040 ServerApp] Connecting to kernel 00325d07-ce85-4f56-a6ec-83b337bcce90.
[I 2025-09-26 20:53:07.040 ServerApp] Restoring connection for 00325d07-ce85-4f56-a6ec-83b337bcce90:1e642b94-db65-4114-bc43-f4e52b08382f
[I 2025-09-26 20:53:08.048 ServerApp] Starting buffering for 00325d07-ce85-4f56-a6ec-83b337bcce90:1e642b94-db65-4114-bc43-f4e52b08382f
[I 2025-09-26 20:53:08.141 ServerApp] Connecting to kernel d81c5a00-aa2d-4416-884b-71398df63750.
[I 2025-09-26 20:53:08.167 ServerApp] Connecting to kernel 4a70f21d-bc39-4189-9be2-1804f5b0d5aa.
[I 2025-09-26 20:53:08.184 ServerApp] Connecting to kernel 6dcece0b-7867-45aa-bf79-ddf4a5f778eb.
[I 2025-09-26 20:53:08.195 ServerApp] Connecting to kernel 00325d07-ce85-4f56-a6ec-83b337bcce90.
[I 2025-09-26 20:53:08.606 ServerApp] Starting buffering for d81c5a00-aa2d-4416-884b-71398df63750:46b6beab-664b-4b6c-b39e-613dc17c5dc8
[I 2025-09-26 20:53:08.613 ServerApp] Starting buffering for 4a70f21d-bc39-4189-9be2-1804f5b0d5aa:70006f44-8c56-4be9-bc00-3399c5551c33
[I 2025-09-26 20:53:08.614 ServerApp] Starting buffering for 00325d07-ce85-4f56-a6ec-83b337bcce90:b4bbd7e5-2e36-4050-9db4-0ba558c7792e
[I 2025-09-26 20:53:08.751 ServerApp] Connecting to kernel 00325d07-ce85-4f56-a6ec-83b337bcce90.
[I 2025-09-26 20:55:08.465 ServerApp] Saving file at /notebooks/02_plot_phase_transition.ipynb
[I 2025-09-26 21:15:09.872 ServerApp] Saving file at /notebooks/02_plot_phase_transition.ipynb
[I 2025-09-26 21:23:47.832 ServerApp] Saving file at /notebooks/02_plot_phase_transition.ipynb
[I 2025-09-26 21:25:48.994 ServerApp] Saving file at /notebooks/02_plot_phase_transition.ipynb
[I 2025-09-26 21:27:49.485 ServerApp] Saving file at /notebooks/02_plot_phase_transition.ipynb
[I 2025-09-26 21:33:50.503 ServerApp] Saving file at /notebooks/02_plot_phase_transition.ipynb
[I 2025-09-26 22:34:02.606 ServerApp] Saving file at /notebooks/02_plot_phase_transition.ipynb
[I 2025-09-26 22:36:02.668 ServerApp] Saving file at /notebooks/02_plot_phase_transition.ipynb
[I 2025-09-26 22:38:02.736 ServerApp] Saving file at /notebooks/02_plot_phase_transition.ipynb
[I 2025-09-26 22:40:11.745 ServerApp] Starting buffering for 00325d07-ce85-4f56-a6ec-83b337bcce90:9e534a5f-77a4-472e-b0bb-8afb12653a69
[I 2025-09-26 22:40:23.645 ServerApp] Connecting to kernel d81c5a00-aa2d-4416-884b-71398df63750.
[I 2025-09-26 22:40:23.669 ServerApp] Connecting to kernel 4a70f21d-bc39-4189-9be2-1804f5b0d5aa.
[I 2025-09-26 22:40:23.688 ServerApp] Connecting to kernel 6dcece0b-7867-45aa-bf79-ddf4a5f778eb.
[I 2025-09-26 22:40:23.697 ServerApp] Connecting to kernel 00325d07-ce85-4f56-a6ec-83b337bcce90.
[I 2025-09-26 22:40:24.039 ServerApp] Starting buffering for 00325d07-ce85-4f56-a6ec-83b337bcce90:77894663-fdc6-4e82-89eb-e852aad8241c
[I 2025-09-26 22:40:24.040 ServerApp] Starting buffering for d81c5a00-aa2d-4416-884b-71398df63750:729a228b-868f-41f2-94c1-50f4295f62a6
[I 2025-09-26 22:40:24.041 ServerApp] Starting buffering for 4a70f21d-bc39-4189-9be2-1804f5b0d5aa:3bc0239e-b2d1-4cfc-95eb-312e94426acb
[I 2025-09-26 22:40:24.172 ServerApp] Connecting to kernel 00325d07-ce85-4f56-a6ec-83b337bcce90.
[I 2025-09-27 02:56:26.292 ServerApp] Saving file at /notebooks/02_plot_phase_transition.ipynb
[I 2025-09-27 02:58:26.936 ServerApp] Saving file at /notebooks/02_plot_phase_transition.ipynb
[I 2025-09-27 03:02:27.238 ServerApp] Saving file at /notebooks/02_plot_phase_transition.ipynb
[I 2025-09-27 03:20:30.683 ServerApp] Saving file at /notebooks/02_plot_phase_transition.ipynb
[I 2025-09-27 03:22:31.750 ServerApp] Saving file at /notebooks/02_plot_phase_transition.ipynb
[I 2025-09-27 03:24:31.852 ServerApp] Saving file at /notebooks/02_plot_phase_transition.ipynb
[I 2025-09-27 03:28:32.939 ServerApp] Saving file at /notebooks/02_plot_phase_transition.ipynb
[I 2025-09-27 03:32:33.044 ServerApp] Saving file at /notebooks/02_plot_phase_transition.ipynb
[I 2025-09-27 03:33:04.867 ServerApp] Starting buffering for 00325d07-ce85-4f56-a6ec-83b337bcce90:3d117d48-41e2-4891-bc55-98ae47b20a7e
[I 2025-09-27 03:33:04.877 ServerApp] Connecting to kernel 00325d07-ce85-4f56-a6ec-83b337bcce90.
[I 2025-09-27 03:33:04.878 ServerApp] Restoring connection for 00325d07-ce85-4f56-a6ec-83b337bcce90:3d117d48-41e2-4891-bc55-98ae47b20a7e
[I 2025-09-27 03:33:04.899 ServerApp] Starting buffering for 00325d07-ce85-4f56-a6ec-83b337bcce90:3d117d48-41e2-4891-bc55-98ae47b20a7e
[I 2025-09-27 03:33:05.631 ServerApp] Connecting to kernel d81c5a00-aa2d-4416-884b-71398df63750.
[I 2025-09-27 03:33:05.652 ServerApp] Connecting to kernel 4a70f21d-bc39-4189-9be2-1804f5b0d5aa.
[I 2025-09-27 03:33:05.671 ServerApp] Connecting to kernel 6dcece0b-7867-45aa-bf79-ddf4a5f778eb.
[I 2025-09-27 03:33:05.683 ServerApp] Connecting to kernel 00325d07-ce85-4f56-a6ec-83b337bcce90.
[I 2025-09-27 03:33:05.953 ServerApp] Starting buffering for d81c5a00-aa2d-4416-884b-71398df63750:d799fa1f-1e5f-4734-8bfc-4a967f850e30
[I 2025-09-27 03:33:05.960 ServerApp] Starting buffering for 00325d07-ce85-4f56-a6ec-83b337bcce90:843d00be-2756-44fc-b81a-ba14b88f6260
[I 2025-09-27 03:33:05.960 ServerApp] Starting buffering for 4a70f21d-bc39-4189-9be2-1804f5b0d5aa:09235616-11d6-46d4-b611-3d93e61be0be
[I 2025-09-27 03:33:06.183 ServerApp] Connecting to kernel 00325d07-ce85-4f56-a6ec-83b337bcce90.
[I 2025-09-27 03:35:06.241 ServerApp] Saving file at /notebooks/02_plot_phase_transition.ipynb
[I 2025-09-27 03:37:06.369 ServerApp] Saving file at /notebooks/02_plot_phase_transition.ipynb
[I 2025-09-27 03:38:18.654 ServerApp] Kernel restarted: 00325d07-ce85-4f56-a6ec-83b337bcce90
[I 2025-09-27 03:38:18.661 ServerApp] Starting buffering for 00325d07-ce85-4f56-a6ec-83b337bcce90:e6cccdca-fbd2-4ab7-be6e-3c5d740e3a60
[I 2025-09-27 03:38:18.671 ServerApp] Connecting to kernel 00325d07-ce85-4f56-a6ec-83b337bcce90.
[I 2025-09-27 03:38:18.671 ServerApp] Restoring connection for 00325d07-ce85-4f56-a6ec-83b337bcce90:e6cccdca-fbd2-4ab7-be6e-3c5d740e3a60
[I 2025-09-27 03:38:59.587 ServerApp] Kernel restarted: 00325d07-ce85-4f56-a6ec-83b337bcce90
[I 2025-09-27 03:38:59.596 ServerApp] Starting buffering for 00325d07-ce85-4f56-a6ec-83b337bcce90:e6cccdca-fbd2-4ab7-be6e-3c5d740e3a60
[I 2025-09-27 03:38:59.605 ServerApp] Connecting to kernel 00325d07-ce85-4f56-a6ec-83b337bcce90.
[I 2025-09-27 03:38:59.605 ServerApp] Restoring connection for 00325d07-ce85-4f56-a6ec-83b337bcce90:e6cccdca-fbd2-4ab7-be6e-3c5d740e3a60
[I 2025-09-27 03:39:06.465 ServerApp] Saving file at /notebooks/02_plot_phase_transition.ipynb
[I 2025-09-27 03:55:44.216 ServerApp] Kernel restarted: 6dcece0b-7867-45aa-bf79-ddf4a5f778eb
[I 2025-09-27 03:55:44.221 ServerApp] Starting buffering for 6dcece0b-7867-45aa-bf79-ddf4a5f778eb:64ca5eb5-dc48-4ace-93c1-1806be1965e2
[I 2025-09-27 03:55:44.233 ServerApp] Connecting to kernel 6dcece0b-7867-45aa-bf79-ddf4a5f778eb.
[I 2025-09-27 03:55:44.233 ServerApp] Restoring connection for 6dcece0b-7867-45aa-bf79-ddf4a5f778eb:64ca5eb5-dc48-4ace-93c1-1806be1965e2
[I 2025-09-27 03:55:48.762 ServerApp] Saving file at /notebooks/01_define_persona_vector.ipynb
[I 2025-09-27 03:57:48.801 ServerApp] Saving file at /notebooks/01_define_persona_vector.ipynb
[I 2025-09-27 04:01:50.425 ServerApp] Saving file at /notebooks/01_define_persona_vector.ipynb
[I 2025-09-27 04:05:50.481 ServerApp] Saving file at /notebooks/01_define_persona_vector.ipynb
[I 2025-09-27 04:07:50.551 ServerApp] Saving file at /notebooks/01_define_persona_vector.ipynb
[I 2025-09-27 04:09:50.615 ServerApp] Saving file at /notebooks/01_define_persona_vector.ipynb
[I 2025-09-27 04:23:11.981 ServerApp] Saving file at /notebooks/02_plot_phase_transition.ipynb
[I 2025-09-27 04:25:12.057 ServerApp] Saving file at /notebooks/02_plot_phase_transition.ipynb
[I 2025-09-27 04:27:12.126 ServerApp] Saving file at /notebooks/02_plot_phase_transition.ipynb
[I 2025-09-27 04:28:49.867 ServerApp] Copying 'notebooks/02_plot_phase_transition.ipynb' to '/notebooks'
[I 2025-09-27 04:31:12.200 ServerApp] Saving file at /notebooks/02_plot_phase_transition.ipynb
[I 2025-09-27 04:31:12.689 ServerApp] Starting buffering for 00325d07-ce85-4f56-a6ec-83b337bcce90:e6cccdca-fbd2-4ab7-be6e-3c5d740e3a60
[I 2025-09-27 04:31:12.716 ServerApp] Connecting to kernel 00325d07-ce85-4f56-a6ec-83b337bcce90.
[I 2025-09-27 04:31:12.716 ServerApp] Restoring connection for 00325d07-ce85-4f56-a6ec-83b337bcce90:e6cccdca-fbd2-4ab7-be6e-3c5d740e3a60
[I 2025-09-27 04:31:12.733 ServerApp] Starting buffering for 00325d07-ce85-4f56-a6ec-83b337bcce90:e6cccdca-fbd2-4ab7-be6e-3c5d740e3a60
Task exception was never retrieved
future: <Task finished name='Task-722135' coro=<WebSocketProtocol13.write_message.<locals>.wrapper() done, defined at /home/mamaral/code/persona-phase-transition/venv/lib/python3.10/site-packages/tornado/websocket.py:1111> exception=WebSocketClosedError()>
Traceback (most recent call last):
  File "/home/mamaral/code/persona-phase-transition/venv/lib/python3.10/site-packages/tornado/websocket.py", line 1113, in wrapper
    await fut
tornado.iostream.StreamClosedError: Stream is closed

During handling of the above exception, another exception occurred:

Traceback (most recent call last):
  File "/home/mamaral/code/persona-phase-transition/venv/lib/python3.10/site-packages/tornado/websocket.py", line 1115, in wrapper
    raise WebSocketClosedError()
tornado.websocket.WebSocketClosedError
[I 2025-09-27 04:31:13.488 ServerApp] Connecting to kernel d81c5a00-aa2d-4416-884b-71398df63750.
[I 2025-09-27 04:31:13.502 ServerApp] Connecting to kernel 4a70f21d-bc39-4189-9be2-1804f5b0d5aa.
[I 2025-09-27 04:31:13.517 ServerApp] Connecting to kernel 6dcece0b-7867-45aa-bf79-ddf4a5f778eb.
[I 2025-09-27 04:31:13.533 ServerApp] Connecting to kernel 00325d07-ce85-4f56-a6ec-83b337bcce90.
[I 2025-09-27 04:31:13.534 ServerApp] Discarding 1 buffered messages for 00325d07-ce85-4f56-a6ec-83b337bcce90:e6cccdca-fbd2-4ab7-be6e-3c5d740e3a60
[I 2025-09-27 04:31:13.986 ServerApp] Starting buffering for 4a70f21d-bc39-4189-9be2-1804f5b0d5aa:1117ab7e-a7f0-451b-adbd-cf4f89bc71a2
[I 2025-09-27 04:31:13.987 ServerApp] Starting buffering for 00325d07-ce85-4f56-a6ec-83b337bcce90:563cdef4-09c1-44ff-a065-af7d0436a4c2
[I 2025-09-27 04:31:13.988 ServerApp] Starting buffering for d81c5a00-aa2d-4416-884b-71398df63750:2e875179-8f3d-4577-b927-eef383b2072e
[I 2025-09-27 04:31:14.076 ServerApp] Connecting to kernel 00325d07-ce85-4f56-a6ec-83b337bcce90.
[I 2025-09-27 04:33:13.881 ServerApp] Saving file at /notebooks/02_plot_phase_transition.ipynb
[I 2025-09-27 04:37:14.654 ServerApp] Saving file at /notebooks/02_plot_phase_transition.ipynb
[I 2025-09-27 04:39:14.723 ServerApp] Saving file at /notebooks/02_plot_phase_transition.ipynb
[I 2025-09-27 04:41:14.792 ServerApp] Saving file at /notebooks/02_plot_phase_transition.ipynb
[I 2025-09-27 04:47:16.342 ServerApp] Saving file at /notebooks/02_plot_phase_transition.ipynb
[I 2025-09-27 04:49:16.401 ServerApp] Saving file at /notebooks/02_plot_phase_transition.ipynb
[I 2025-09-27 17:14:59.366 ServerApp] Connecting to kernel d81c5a00-aa2d-4416-884b-71398df63750.
[I 2025-09-27 17:14:59.393 ServerApp] Connecting to kernel 4a70f21d-bc39-4189-9be2-1804f5b0d5aa.
[I 2025-09-27 17:14:59.411 ServerApp] Connecting to kernel 6dcece0b-7867-45aa-bf79-ddf4a5f778eb.
[I 2025-09-27 17:14:59.424 ServerApp] Connecting to kernel 00325d07-ce85-4f56-a6ec-83b337bcce90.
[I 2025-09-27 17:14:59.684 ServerApp] Starting buffering for 4a70f21d-bc39-4189-9be2-1804f5b0d5aa:8ef7c9db-51ed-4b65-9a79-aaf13b260848
[I 2025-09-27 17:14:59.690 ServerApp] Starting buffering for d81c5a00-aa2d-4416-884b-71398df63750:114b1a95-55ac-4d10-8729-a19c6d215e93
[I 2025-09-27 17:14:59.964 ServerApp] Kernel started: c5622f64-eb42-4bda-90cc-28f168b989e3
[I 2025-09-27 17:15:00.301 ServerApp] Connecting to kernel c5622f64-eb42-4bda-90cc-28f168b989e3.
[I 2025-09-27 17:16:59.765 ServerApp] Saving file at /notebooks/02_plot_phase_transition-Copy1.ipynb
[I 2025-09-27 17:18:59.839 ServerApp] Saving file at /notebooks/02_plot_phase_transition-Copy1.ipynb
[I 2025-09-27 22:45:01.452 ServerApp] Saving file at /notebooks/02_plot_phase_transition-Copy1.ipynb
[I 2025-09-27 22:51:01.844 ServerApp] Saving file at /notebooks/02_plot_phase_transition-Copy1.ipynb
[I 2025-09-28 03:19:45.242 ServerApp] Saving file at /notebooks/02_plot_phase_transition-Copy1.ipynb
[I 2025-09-28 03:21:45.328 ServerApp] Saving file at /notebooks/02_plot_phase_transition-Copy1.ipynb
